// Jest Snapshot v1, https://goo.gl/fbAQLP

exports[`MixedRouteQuoterV2 quotes #quoteExactInput V3 only 0 -> 2 -> 1 1`] = `369817`;

exports[`MixedRouteQuoterV2 quotes #quoteExactInput V3 only 0 -> 2 cross 0 tick, starting tick initialized 1`] = `169732`;

exports[`MixedRouteQuoterV2 quotes #quoteExactInput V3 only 0 -> 2 cross 0 tick, starting tick not initialized 1`] = `138366`;

exports[`MixedRouteQuoterV2 quotes #quoteExactInput V3 only 0 -> 2 cross 1 tick 1`] = `198948`;

exports[`MixedRouteQuoterV2 quotes #quoteExactInput V3 only 0 -> 2 cross 2 tick 1`] = `245418`;

exports[`MixedRouteQuoterV2 quotes #quoteExactInput V3 only 0 -> 2 cross 2 tick where after is initialized 1`] = `198986`;

exports[`MixedRouteQuoterV2 quotes #quoteExactInput V3 only 2 -> 0 cross 0 tick, starting tick initialized 1`] = `127228`;

exports[`MixedRouteQuoterV2 quotes #quoteExactInput V3 only 2 -> 0 cross 0 tick, starting tick not initialized 1`] = `127228`;

exports[`MixedRouteQuoterV2 quotes #quoteExactInput V3 only 2 -> 0 cross 2 1`] = `234098`;

exports[`MixedRouteQuoterV2 quotes #quoteExactInput V3 only 2 -> 0 cross 2 where tick after is initialized 1`] = `234106`;

exports[`MixedRouteQuoterV2 quotes #quoteExactInput V3 only 2 -> 1 1`] = `126903`;

exports[`MixedRouteQuoterV2 quotes #quoteExactInputSingle V3 0 -> 2 1`] = `245400`;

exports[`MixedRouteQuoterV2 quotes #quoteExactInputSingle V3 2 -> 0 1`] = `234070`;

exports[`MixedRouteQuoterV2 quotes #quoteExactOutput 0 -> 2 -> 1 1`] = `373417`;

exports[`MixedRouteQuoterV2 quotes #quoteExactOutput 0 -> 2 cross 0 tick starting tick initialized 1`] = `171242`;

exports[`MixedRouteQuoterV2 quotes #quoteExactOutput 0 -> 2 cross 0 tick starting tick not initialized 1`] = `139896`;

exports[`MixedRouteQuoterV2 quotes #quoteExactOutput 0 -> 2 cross 1 tick 1`] = `200189`;

exports[`MixedRouteQuoterV2 quotes #quoteExactOutput 0 -> 2 cross 2 tick 1`] = `246415`;

exports[`MixedRouteQuoterV2 quotes #quoteExactOutput 0 -> 2 cross 2 where tick after is initialized 1`] = `200227`;

exports[`MixedRouteQuoterV2 quotes #quoteExactOutput 2 -> 0 cross 1 tick 1`] = `190081`;

exports[`MixedRouteQuoterV2 quotes #quoteExactOutput 2 -> 0 cross 2 ticks 1`] = `236213`;

exports[`MixedRouteQuoterV2 quotes #quoteExactOutput 2 -> 0 cross 2 where tick after is initialized 1`] = `236207`;

exports[`MixedRouteQuoterV2 quotes #quoteExactOutput 2 -> 1 1`] = `129489`;

exports[`MixedRouteQuoterV2 quotes #quoteExactOutputSingle 0 -> 1 1`] = `140677`;

exports[`MixedRouteQuoterV2 quotes #quoteExactOutputSingle 1 -> 0 1`] = `130094`;
