// Jest Snapshot v1, https://goo.gl/fbAQLP

exports[`QuoterV2 quotes #quoteExactInput 0 -> 2 -> 1 1`] = `365683`;

exports[`QuoterV2 quotes #quoteExactInput 0 -> 2 cross 0 tick, starting tick initialized 1`] = `169866`;

exports[`QuoterV2 quotes #quoteExactInput 0 -> 2 cross 0 tick, starting tick not initialized 1`] = `134600`;

exports[`QuoterV2 quotes #quoteExactInput 0 -> 2 cross 1 tick 1`] = `194671`;

exports[`QuoterV2 quotes #quoteExactInput 0 -> 2 cross 2 tick 1`] = `241141`;

exports[`QuoterV2 quotes #quoteExactInput 0 -> 2 cross 2 tick where after is initialized 1`] = `194709`;

exports[`QuoterV2 quotes #quoteExactInput 2 -> 0 cross 0 tick, starting tick initialized 1`] = `127371`;

exports[`QuoterV2 quotes #quoteExactInput 2 -> 0 cross 0 tick, starting tick not initialized 1`] = `123471`;

exports[`QuoterV2 quotes #quoteExactInput 2 -> 0 cross 2 1`] = `229829`;

exports[`QuoterV2 quotes #quoteExactInput 2 -> 0 cross 2 where tick after is initialized 1`] = `229837`;

exports[`QuoterV2 quotes #quoteExactInput 2 -> 1 1`] = `127046`;

exports[`QuoterV2 quotes #quoteExactInputSingle 0 -> 2 1`] = `241123`;

exports[`QuoterV2 quotes #quoteExactInputSingle 2 -> 0 1`] = `229801`;

exports[`QuoterV2 quotes #quoteExactOutput 0 -> 2 -> 1 1`] = `365283`;

exports[`QuoterV2 quotes #quoteExactOutput 0 -> 2 cross 0 tick starting tick initialized 1`] = `169385`;

exports[`QuoterV2 quotes #quoteExactOutput 0 -> 2 cross 0 tick starting tick not initialized 1`] = `134139`;

exports[`QuoterV2 quotes #quoteExactOutput 0 -> 2 cross 1 tick 1`] = `193921`;

exports[`QuoterV2 quotes #quoteExactOutput 0 -> 2 cross 2 tick 1`] = `240147`;

exports[`QuoterV2 quotes #quoteExactOutput 0 -> 2 cross 2 where tick after is initialized 1`] = `193959`;

exports[`QuoterV2 quotes #quoteExactOutput 2 -> 0 cross 1 tick 1`] = `183804`;

exports[`QuoterV2 quotes #quoteExactOutput 2 -> 0 cross 2 ticks 1`] = `229935`;

exports[`QuoterV2 quotes #quoteExactOutput 2 -> 0 cross 2 where tick after is initialized 1`] = `229929`;

exports[`QuoterV2 quotes #quoteExactOutput 2 -> 1 1`] = `127623`;

exports[`QuoterV2 quotes #quoteExactOutputSingle 0 -> 1 1`] = `138820`;

exports[`QuoterV2 quotes #quoteExactOutputSingle 1 -> 0 1`] = `128228`;
