// Jest Snapshot v1, https://goo.gl/fbAQLP

exports[`SwapRouter gas tests #exactInput 0 -> 1 -> 2 1`] = `226546`;

exports[`SwapRouter gas tests #exactInput 0 -> 1 1`] = `142762`;

exports[`SwapRouter gas tests #exactInput 0 -> 1 minimal 1`] = `130580`;

exports[`SwapRouter gas tests #exactInput 0 -> WETH9 1`] = `162835`;

exports[`SwapRouter gas tests #exactInput 2 trades (via router) 1`] = `243762`;

exports[`SwapRouter gas tests #exactInput 3 trades (directly to sender) 1`] = `332569`;

exports[`SwapRouter gas tests #exactInput WETH9 -> 0 1`] = `140987`;

exports[`SwapRouter gas tests #exactInputSingle 0 -> 1 1`] = `142212`;

exports[`SwapRouter gas tests #exactInputSingle 0 -> WETH9 1`] = `162279`;

exports[`SwapRouter gas tests #exactInputSingle WETH9 -> 0 1`] = `140437`;

exports[`SwapRouter gas tests #exactOutput 0 -> 1 -> 2 1`] = `223164`;

exports[`SwapRouter gas tests #exactOutput 0 -> 1 1`] = `146776`;

exports[`SwapRouter gas tests #exactOutput 0 -> WETH9 1`] = `164923`;

exports[`SwapRouter gas tests #exactOutput WETH9 -> 0 1`] = `154173`;

exports[`SwapRouter gas tests #exactOutputSingle 0 -> 1 1`] = `147010`;

exports[`SwapRouter gas tests #exactOutputSingle 0 -> WETH9 1`] = `165157`;

exports[`SwapRouter gas tests #exactOutputSingle WETH9 -> 0 1`] = `156161`;

exports[`SwapRouter gas tests 3 trades (directly to sender) 1`] = `233866`;
